Job ID: 37401, node k171
raw: /group/pgh004/carrow/data/NECKFLIX -> cache: /group/pgh004/carrow/caches/neckflix_zarr
building the ECF plugin into /group/pgh004/carrow/repo/remote-physiology/dataset/cachers/neckflix/hdf5_plugin
-- The C compiler identification is GNU 14.3.0
-- The CXX compiler identification is GNU 14.3.0
-- Detecting C compiler ABI info
-- Detecting C compiler ABI info - done
-- Check for working C compiler: /uwahpc/rocky9/devel/compiler/gcc/14.3.0/bin/gcc - skipped
-- Detecting C compile features
-- Detecting C compile features - done
-- Detecting CXX compiler ABI info
-- Detecting CXX compiler ABI info - done
-- Check for working CXX compiler: /uwahpc/rocky9/devel/compiler/gcc/14.3.0/bin/g++ - skipped
-- Detecting CXX compile features
-- Detecting CXX compile features - done
-- HDF5 C compiler wrapper is unable to compile a minimal HDF5 program.
-- Found HDF5: /uwahpc/rocky9/devel/gcc/14.3.0/hdf5/1.14.6/lib/libhdf5.a (found version "1.14.6")
-- Performing Test COMPILER_HAS_HIDDEN_VISIBILITY
-- Performing Test COMPILER_HAS_HIDDEN_VISIBILITY - Success
-- Performing Test COMPILER_HAS_HIDDEN_INLINE_VISIBILITY
-- Performing Test COMPILER_HAS_HIDDEN_INLINE_VISIBILITY - Success
-- Performing Test COMPILER_HAS_DEPRECATED_ATTR
-- Performing Test COMPILER_HAS_DEPRECATED_ATTR - Success
-- Configuring done (2.9s)
-- Generating done (0.0s)
-- Build files have been written to: /group/pgh004/carrow/repo/remote-physiology/dataset/cachers/neckflix/plugin/build
[ 25%] Building CXX object CMakeFiles/hdf5_ecf_codec.dir/ecf_codec.cpp.o
[ 50%] Linking CXX shared library libhdf5_ecf_codec.so
[ 50%] Built target hdf5_ecf_codec
[ 75%] Building CXX object CMakeFiles/hdf5_ecf_plugin.dir/ecf_h5plugin.cpp.o
[100%] Linking CXX shared library libH5Zecf.so
[100%] Built target hdf5_ecf_plugin
-- Install configuration: "Release"
-- Installing: /group/pgh004/carrow/repo/remote-physiology/dataset/cachers/neckflix/hdf5_plugin/include/hdf5_ecf/ecf_codec_export.h
-- Installing: /group/pgh004/carrow/repo/remote-physiology/dataset/cachers/neckflix/hdf5_plugin/share/hdf5_ecf/LICENSE
-- Installing: /group/pgh004/carrow/repo/remote-physiology/dataset/cachers/neckflix/hdf5_plugin/lib/libhdf5_ecf_codec.so.1.0.1
-- Installing: /group/pgh004/carrow/repo/remote-physiology/dataset/cachers/neckflix/hdf5_plugin/lib/libhdf5_ecf_codec.so.1
-- Set non-toolchain portion of runtime path of "/group/pgh004/carrow/repo/remote-physiology/dataset/cachers/neckflix/hdf5_plugin/lib/libhdf5_ecf_codec.so.1.0.1" to "$ORIGIN"
-- Installing: /group/pgh004/carrow/repo/remote-physiology/dataset/cachers/neckflix/hdf5_plugin/lib/libhdf5_ecf_codec.so
-- Installing: /group/pgh004/carrow/repo/remote-physiology/dataset/cachers/neckflix/hdf5_plugin/include/hdf5_ecf/ecf_codec.h
-- Installing: /group/pgh004/carrow/repo/remote-physiology/dataset/cachers/neckflix/hdf5_plugin/share/cmake/hdf5_ecf/hdf5_ecf-targets.cmake
-- Installing: /group/pgh004/carrow/repo/remote-physiology/dataset/cachers/neckflix/hdf5_plugin/share/cmake/hdf5_ecf/hdf5_ecf-targets-release.cmake
-- Installing: /group/pgh004/carrow/repo/remote-physiology/dataset/cachers/neckflix/hdf5_plugin/share/cmake/hdf5_ecf/hdf5_ecf-config.cmake
-- Installing: /group/pgh004/carrow/repo/remote-physiology/dataset/cachers/neckflix/hdf5_plugin/share/cmake/hdf5_ecf/hdf5_ecf-config-version.cmake
-- Installing: /group/pgh004/carrow/repo/remote-physiology/dataset/cachers/neckflix/hdf5_plugin/include/hdf5_ecf/ecf_h5filter.h
-- Installing: /group/pgh004/carrow/repo/remote-physiology/dataset/cachers/neckflix/hdf5_plugin/lib/hdf5/plugin/libH5Zecf.so
-- Set non-toolchain portion of runtime path of "/group/pgh004/carrow/repo/remote-physiology/dataset/cachers/neckflix/hdf5_plugin/lib/hdf5/plugin/libH5Zecf.so" to "$ORIGIN"
ECF plugin: /group/pgh004/carrow/repo/remote-physiology/dataset/cachers/neckflix/hdf5_plugin
Found 332 recordings; scanning metadata...
Processing 332 recordings with 8 workers...
cached P001_S01_R4_45_N (events added, 39,865 events)
cached P002_S01_R1_0_D (events added, 76,046 events)
cached P002_S01_R3_45_D (events added, 45,232 events)
cached P001_S01_R2_0_N (events added, 155,520 events)
cached P003_S01_R3_45_D (events added, 88,577 events)
cached P003_S01_R1_0_D (events added, 104,314 events)
cached P002_S01_R2_0_N (events added, 8,011,603 events)
cached P003_S01_R2_0_N (events added, 5,811,128 events)
cached P002_S01_R4_45_N (events added, 15,670,885 events)
cached P003_S01_R4_45_N (events added, 5,303,317 events)
cached P004_S01_R3_45_D (events added, 792,663 events)
cached P004_S01_R2_0_N (events added, 7,643,803 events)
cached P004_S01_R5_90_D (events added, 197,857 events)
cached P004_S01_R4_45_N (events added, 6,388,122 events)
cached P004_S01_R1_0_D (events added, 22,586,486 events)
cached P004_S01_R6_90_N (events added, 5,257,221 events)
cached P005_S01_R1_0_D (events added, 145,011 events)
cached P005_S01_R2_0_N (events added, 3,969,948 events)
cached P005_S01_R3_45_D (events added, 1,904,595 events)
cached P005_S01_R4_45_N (events added, 5,525,804 events)
cached P007_S01_R1_0_D (events added, 1,154,580 events)
cached P007_S01_R2_0_N (events added, 6,400,567 events)
cached P008_S01_R1_0_D (events added, 492,880 events)
cached P007_S01_R3_45_D (events added, 7,896,913 events)
cached P007_S01_R4_45_N (events added, 5,659,025 events)
cached P008_S01_R2_0_N (events added, 4,919,553 events)
cached P008_S01_R3_45_D (events added, 563,598 events)
cached P008_S01_R5_90_D (events added, 1,075,719 events)
cached P008_S01_R4_45_N (events added, 5,835,398 events)
cached P008_S01_R6_90_N (events added, 7,059,527 events)
cached P009_S01_R1_0_D (events added, 1,272,048 events)
cached P009_S01_R2_0_N (events added, 6,843,197 events)
cached P009_S01_R4_45_N (events added, 6,866,427 events)
cached P009_S01_R6_90_N (events added, 6,952,719 events)
cached P009_S02_R1_0_D (events added, 1,084,401 events)
cached P009_S01_R3_45_D (events added, 7,399,478 events)
cached P009_S01_R5_90_D (events added, 10,504,839 events)
cached P009_S02_R3_45_D (events added, 142,588 events)
cached P009_S02_R4_45_N (events added, 3,120,594 events)
cached P009_S02_R5_90_D (events added, 450,299 events)
cached P009_S02_R2_0_N (events added, 3,642,611 events)
cached P009_S02_R6_90_N (events added, 5,083,663 events)
cached P010_S01_R1_0_D (events added, 992,520 events)
cached P010_S01_R3_45_D (events added, 2,233,711 events)
cached P010_S01_R2_0_N (events added, 6,503,593 events)
cached P010_S01_R5_90_D (events added, 1,618,119 events)
cached P010_S01_R4_45_N (events added, 6,499,303 events)
cached P010_S01_R6_90_N (events added, 5,419,109 events)
cached P011_S01_R1_0_D (events added, 211,979 events)
cached P011_S01_R3_45_D (events added, 107,911 events)
cached P011_S01_R4_45_N (events added, 2,018,220 events)
cached P011_S01_R2_0_N (events added, 5,333,437 events)
cached P011_S01_R5_90_D (events added, 796,702 events)
cached P012_S01_R1_0_D (events added, 280,059 events)
cached P011_S01_R6_90_N (events added, 5,361,004 events)
cached P001_S01_R3_45_D (events added, 264,302,798 events)
cached P012_S01_R2_0_N (events added, 5,527,886 events)
cached P012_S01_R3_45_D (events added, 204,655 events)
cached P012_S01_R4_45_N (events added, 4,853,658 events)
cached P012_S01_R5_90_D (events added, 394,378 events)
cached P012_S01_R6_90_N (events added, 4,959,126 events)
cached P013_S01_R1_0_D (events added, 222,850 events)
cached P013_S01_R3_45_D (events added, 663,445 events)
cached P013_S01_R2_0_N (events added, 6,007,845 events)
cached P013_S01_R5_90_D (events added, 671,112 events)
cached P013_S01_R4_45_N (events added, 5,849,652 events)
cached P014_S01_R1_0_D (events added, 224,050 events)
cached P013_S01_R6_90_N (events added, 6,341,091 events)
cached P014_S01_R3_45_D (events added, 1,193,334 events)
cached P014_S01_R2_0_N (events added, 6,395,375 events)
cached P014_S01_R5_90_D (events added, 512,016 events)
cached P001_S01_R5_90_D (events added, 342,266,252 events)
cached P014_S01_R4_45_N (events added, 5,629,644 events)
cached P014_S01_R6_90_N (events added, 5,139,646 events)
cached P014_S02_R1_0_D (events added, 524,188 events)
cached P001_S01_R1_0_D (events added, 349,558,949 events)
cached P014_S02_R3_45_D (events added, 667,629 events)
cached P014_S02_R5_90_D (events added, 627,299 events)
cached P014_S02_R2_0_N (events added, 5,451,549 events)
cached P014_S02_R4_45_N (events added, 5,669,357 events)
cached P014_S02_R6_90_N (events added, 5,280,022 events)
cached P014_S03_R1_0_D (events added, 532,616 events)
cached P014_S03_R2_0_N (events added, 5,754,970 events)
cached P014_S03_R3_45_D (events added, 6,107,632 events)
cached P014_S03_R5_90_D (events added, 1,794,665 events)
cached P014_S03_R4_45_N (events added, 6,060,138 events)
cached P015_S01_R1_0_D (events added, 134,744 events)
cached P014_S03_R6_90_N (events added, 6,437,443 events)
cached P015_S01_R2_0_N (events added, 4,500,009 events)
cached P015_S01_R3_0_D (events added, 194,281 events)
cached P015_S01_R4_0_N (events added, 5,008,523 events)
cached P015_S01_R7_0_D (events added, 237,946 events)
cached P015_S01_R5_0_D (events added, 207,284 events)
cached P015_S01_R6_0_N (events added, 5,326,205 events)
cached P015_S01_R8_0_N (events added, 5,180,552 events)
cached P015_S02_R1_45_D (events added, 346,795 events)
cached P015_S02_R2_45_N (events added, 6,523,535 events)
cached P017_S01_R2_0_N (events added, 6,306,348 events)
cached P017_S01_R4_45_N (events added, 5,124,669 events)
cached P017_S01_R6_90_N (events added, 5,806,346 events)
cached P017_S02_R2_0_N (events added, 5,601,593 events)
cached P017_S02_R4_45_N (events added, 4,922,183 events)
cached P017_S01_R1_0_D (events added, 44,359,158 events)
cached P017_S02_R1_0_D (events added, 32,051,171 events)
cached P017_S02_R6_90_N (events added, 6,179,052 events)
cached P017_S01_R3_45_D (events added, 45,145,590 events)
cached P017_S01_R5_90_D (events added, 46,352,030 events)
cached P017_S02_R3_45_D (events added, 38,570,170 events)
cached P022_S01_R2_0_N (events added, 4,370,711 events)
cached P022_S01_R4_45_N (events added, 3,944,998 events)
cached P017_S02_R5_90_D (events added, 50,037,777 events)
cached P022_S01_R6_90_N (events added, 3,935,627 events)
cached P023_S01_R2_0_N (events added, 5,876,172 events)
cached P023_S01_R4_0_N (events added, 4,832,751 events)
cached P022_S01_R1_0_D (events added, 53,207,714 events)
cached P023_S01_R6_45_N (events added, 5,463,189 events)
cached P022_S01_R5_90_D (events added, 46,813,951 events)
cached P022_S01_R3_45_D (events added, 53,643,758 events)
cached P023_S01_R3_0_D (events added, 41,989,411 events)
cached P023_S01_R1_0_D (events added, 55,997,978 events)
cached P023_S01_R5_45_D (events added, 45,793,064 events)
cached P024_S01_R2_0_N (events added, 6,443,891 events)
cached P025_S01_R2_0_N (events added, 823,704 events)
cached P024_S01_R6_90_N (events added, 6,846,696 events)
cached P023_S01_R7_90_D (events added, 48,007,233 events)
cached P024_S01_R1_0_D (events added, 66,878,197 events)
cached P025_S01_R4_45_N (events added, 5,569,197 events)
cached P024_S01_R3_45_D (events added, 68,011,476 events)
cached P025_S01_R1_0_D (events added, 45,238,401 events)
cached P024_S01_R4_45_D (events added, 73,603,123 events)
cached P024_S01_R5_90_D (events added, 69,832,912 events)
cached P025_S01_R6_90_N (events added, 5,294,111 events)
cached P026_S01_R2_0_N (events added, 2,925,425 events)
cached P025_S01_R3_45_D (events added, 68,158,224 events)
cached P026_S01_R4_45_N (events added, 4,682,199 events)
cached P026_S01_R6_90_N (events added, 5,186,084 events)
cached P025_S01_R5_90_D (events added, 66,972,677 events)
cached P026_S01_R1_0_D (events added, 21,778,893 events)
cached P027_S01_R2_0_N (events added, 3,614,645 events)
cached P027_S01_R4_45_N (events added, 5,084,961 events)
cached P027_S01_R6_90_N (events added, 4,824,892 events)
cached P026_S01_R3_45_D (events added, 48,336,520 events)
cached P026_S01_R5_90_D (events added, 52,934,944 events)
cached P027_S01_R1_0_D (events added, 37,680,517 events)
cached P028_S01_R3_45_N (events added, 5,057,409 events)
cached P027_S01_R3_45_D (events added, 59,847,524 events)
cached P027_S01_R5_90_D (events added, 53,137,992 events)
cached P028_S01_R5_90_N (events added, 5,422,500 events)
cached P028_S01_R1_45_D (events added, 36,210,821 events)
cached P029_S01_R2_45_N (events added, 3,483,312 events)
cached P028_S01_R2_45_D (events added, 38,283,450 events)
cached P028_S01_R4_90_D (events added, 42,491,872 events)
cached P030_S01_R2_0_N (events added, 3,163,269 events)
cached P029_S01_R4_90_N (events added, 3,798,324 events)
cached P030_S01_R4_45_N (events added, 5,381,435 events)
cached P029_S01_R1_45_D (events added, 50,057,617 events)
cached P030_S01_R1_0_D (events added, 18,968,841 events)
cached P030_S01_R6_90_N (events added, 6,549,335 events)
cached P031_S01_R2_0_N (events added, 3,667,284 events)
cached P031_S01_R4_45_N (events added, 4,972,695 events)
cached P030_S01_R3_45_D (events added, 38,528,599 events)
cached P029_S01_R3_90_D (events added, 65,450,282 events)
cached P030_S01_R5_90_D (events added, 41,971,143 events)
cached P031_S01_R6_90_N (events added, 5,396,781 events)
cached P031_S01_R1_0_D (events added, 47,108,466 events)
skipped P032_S01_R6_90_D
cached P032_S01_R1_0_D (events added, 5,350,009 events)
cached P032_S01_R3_0_N (events added, 5,423,327 events)
cached P032_S01_R5_45_N (events added, 5,792,132 events)
cached P031_S01_R3_45_D (events added, 74,956,478 events)
cached P032_S01_R8_90_D (events added, 16,403,332 events)
cached P031_S01_R5_90_D (events added, 69,238,364 events)
cached P033_S01_R2_0_N (events added, 6,588,843 events)
cached P032_S01_R2_0_D (events added, 65,814,322 events)
cached P033_S01_R4_45_N (events added, 6,136,353 events)
cached P033_S01_R6_90_N (events added, 837,418 events)
cached P032_S01_R4_45_D (events added, 75,718,201 events)
cached P032_S01_R7_90_D (events added, 73,215,946 events)
cached P033_S01_R8_90_N (events added, 711,874 events)
cached P033_S01_R1_0_D (events added, 68,876,918 events)
cached P034_S01_R2_0_N (events added, 5,381,723 events)
cached P034_S01_R4_45_N (events added, 5,728,463 events)
cached P033_S01_R3_45_D (events added, 72,151,371 events)
cached P033_S01_R5_90_D (events added, 69,066,100 events)
cached P034_S01_R6_90_N (events added, 4,745,126 events)
cached P033_S01_R7_90_D (events added, 69,010,291 events)
cached P035_S01_R2_0_N (events added, 3,945,827 events)
cached P034_S01_R1_0_D (events added, 51,000,595 events)
cached P034_S01_R3_45_D (events added, 69,841,546 events)
cached P035_S01_R4_45_N (events added, 5,256,181 events)
cached P035_S01_R6_90_N (events added, 6,034,648 events)
cached P034_S01_R5_90_D (events added, 82,408,592 events)
cached P035_S01_R1_0_D (events added, 39,191,585 events)
cached P036_S01_R2_0_N (events added, 5,340,846 events)
cached P035_S01_R3_45_D (events added, 51,628,046 events)
cached P036_S01_R4_45_N (events added, 5,955,519 events)
cached P036_S01_R1_0_D (events added, 35,582,736 events)
cached P036_S01_R6_90_N (events added, 5,774,628 events)
cached P035_S01_R5_90_D (events added, 61,564,527 events)
cached P037_S01_R1_45_D (events added, 5,148,141 events)
cached P037_S01_R3_45_N (events added, 5,399,051 events)
cached P036_S01_R3_45_D (events added, 47,455,560 events)
cached P037_S01_R5_90_N (events added, 4,812,889 events)
cached P036_S01_R5_90_D (events added, 48,048,653 events)
cached P038_S01_R1_0_D (events added, 22,317,702 events)
cached P038_S01_R3_0_N (events added, 7,256,839 events)
cached P038_S01_R5_45_N (events added, 5,690,213 events)
cached P037_S01_R4_90_D (events added, 43,634,999 events)
cached P037_S01_R2_45_D (events added, 53,397,416 events)
cached P038_S01_R7_90_N (events added, 5,929,532 events)
cached P039_S01_R2_0_N (events added, 5,869,011 events)
cached P038_S01_R2_0_D (events added, 62,724,136 events)
cached P039_S01_R4_45_N (events added, 2,851,711 events)
cached P038_S01_R6_90_D (events added, 44,237,582 events)
cached P038_S01_R4_45_D (events added, 59,236,502 events)
cached P040_S01_R2_0_N (events added, 4,235,521 events)
cached P039_S01_R1_0_D (events added, 52,362,195 events)
cached P040_S01_R4_45_N (events added, 6,337,670 events)
cached P040_S01_R6_90_N (events added, 5,509,292 events)
cached P040_S01_R1_0_D (events added, 36,984,933 events)
cached P039_S01_R3_45_D (events added, 52,887,317 events)
cached P041_S01_R4_45_N (events added, 845,425 events)
cached P041_S01_R2_0_N (events added, 6,395,077 events)
cached P041_S01_R6_45_N (events added, 1,988,193 events)
cached P040_S01_R3_45_D (events added, 64,813,952 events)
cached P041_S01_R1_0_D (events added, 33,673,111 events)
cached P041_S01_R8_90_N (events added, 6,700,855 events)
cached P041_S01_R3_45_D (events added, 35,181,981 events)
cached P040_S01_R5_90_D (events added, 68,691,999 events)
cached P043_S01_R2_0_N (events added, 4,567,419 events)
cached P041_S01_R5_45_D (events added, 41,478,287 events)
cached P043_S01_R4_45_N (events added, 4,843,072 events)
cached P041_S01_R7_90_D (events added, 33,713,096 events)
cached P043_S01_R6_90_N (events added, 4,526,168 events)
cached P044_S01_R1_0_D (events added, 6,220,852 events)
cached P043_S01_R3_45_D (events added, 29,258,620 events)
cached P043_S01_R1_0_D (events added, 33,544,723 events)
cached P043_S01_R5_90_D (events added, 24,656,398 events)
cached P044_S01_R3_0_N (events added, 5,443,830 events)
cached P044_S01_R5_45_N (events added, 5,856,929 events)
cached P044_S01_R7_90_N (events added, 5,681,366 events)
cached P045_S01_R3_0_N (events added, 6,413,915 events)
cached P045_S01_R5_45_N (events added, 6,847,651 events)
cached P044_S01_R2_0_D (events added, 55,997,823 events)
cached P044_S01_R6_90_D (events added, 57,682,818 events)
cached P044_S01_R4_45_D (events added, 64,331,376 events)
cached P045_S01_R1_0_D (events added, 56,613,006 events)
cached P045_S01_R7_90_N (events added, 7,174,729 events)
cached P045_S01_R2_0_D (events added, 54,187,498 events)
cached P045_S01_R4_45_D (events added, 66,084,909 events)
cached P046_S01_R2_0_N (events added, 3,684,516 events)
cached P046_S01_R4_45_N (events added, 4,680,870 events)
cached P046_S01_R6_90_N (events added, 4,952,641 events)
cached P046_S01_R1_0_D (events added, 35,516,675 events)
cached P045_S01_R6_90_D (events added, 65,311,658 events)
cached P047_S01_R2_0_N (events added, 5,067,835 events)
cached P046_S01_R3_45_D (events added, 39,229,095 events)
cached P047_S01_R4_45_N (events added, 5,012,960 events)
cached P047_S01_R6_90_N (events added, 4,529,441 events)
cached P047_S01_R1_0_D (events added, 38,555,148 events)
cached P049_S01_R2_0_N (events added, 3,987,092 events)
cached P046_S01_R5_90_D (events added, 55,204,336 events)
cached P047_S01_R3_45_D (events added, 39,965,531 events)
cached P049_S01_R4_45_N (events added, 5,043,831 events)
cached P047_S01_R5_90_D (events added, 39,523,240 events)
cached P049_S01_R6_90_N (events added, 4,969,431 events)
cached P049_S01_R1_0_D (events added, 36,375,636 events)
cached P050_S01_R2_0_N (events added, 5,174,007 events)
cached P050_S01_R4_45_N (events added, 5,640,476 events)
cached P050_S01_R6_90_N (events added, 5,248,585 events)
cached P049_S01_R3_45_D (events added, 50,831,597 events)
cached P051_S01_R2_0_N (events added, 7,386,237 events)
cached P049_S01_R5_90_D (events added, 55,000,925 events)
cached P051_S01_R4_45_N (events added, 6,946,538 events)
cached P050_S01_R1_0_D (events added, 64,142,742 events)
cached P050_S01_R3_45_D (events added, 58,572,866 events)
cached P051_S01_R6_90_N (events added, 7,502,861 events)
cached P050_S01_R5_90_D (events added, 62,292,651 events)
cached P051_S01_R1_0_D (events added, 75,229,518 events)
cached P052_S01_R2_45_N (events added, 7,113,520 events)
cached P052_S01_R4_90_N (events added, 7,145,150 events)
cached P053_S01_R2_0_N (events added, 5,954,015 events)
cached P051_S01_R3_45_D (events added, 90,234,977 events)
cached P051_S01_R5_90_D (events added, 86,271,216 events)
cached P053_S01_R4_45_N (events added, 5,861,965 events)
cached P053_S01_R6_90_N (events added, 5,821,406 events)
cached P053_S01_R1_0_D (events added, 58,716,012 events)
cached P052_S01_R1_45_D (events added, 92,480,650 events)
cached P052_S01_R3_90_D (events added, 71,344,822 events)
cached P054_S01_R2_45_N (events added, 4,944,281 events)
cached P053_S01_R3_45_D (events added, 77,762,219 events)
cached P054_S01_R3_90_D (events added, 14,998,400 events)
cached P054_S01_R5_90_N (events added, 5,731,297 events)
cached P055_S01_R2_0_N (events added, 6,851,407 events)
cached P053_S01_R5_90_D (events added, 85,001,713 events)
cached P055_S01_R4_45_N (events added, 7,648,961 events)
cached P054_S01_R1_45_D (events added, 65,741,849 events)
cached P055_S01_R6_90_N (events added, 7,563,518 events)
cached P056_S01_R11_90_N (events added, 4,610,800 events)
cached P054_S01_R4_90_D (events added, 68,618,657 events)
cached P056_S01_R2_0_N (events added, 7,535,254 events)
cached P055_S01_R1_0_D (events added, 79,792,440 events)
cached P056_S01_R3_45_D (events added, 12,603,958 events)
cached P056_S01_R10_90_D (events added, 56,406,176 events)
cached P056_S01_R5_45_N (events added, 6,413,822 events)
cached P056_S01_R7_90_N (events added, 930,422 events)
cached P055_S01_R3_45_D (events added, 105,487,530 events)
cached P056_S01_R1_0_D (events added, 66,146,491 events)
cached P055_S01_R5_90_D (events added, 103,045,042 events)
cached P056_S02_R2_0_N (events added, 7,241,009 events)
cached P056_S02_R5_45_N (events added, 5,798,460 events)
cached P056_S01_R6_90_D (events added, 64,027,006 events)
cached P056_S01_R4_45_D (events added, 66,385,271 events)
cached P056_S01_R8_90_D (events added, 56,651,730 events)
cached P056_S02_R3_45_D (events added, 65,902,169 events)
cached P056_S02_R7_90_N (events added, 4,703,403 events)
cached P056_S02_R1_0_D (events added, 64,537,641 events)
cached P057_S01_R2_0_N (events added, 5,909,818 events)
cached P056_S02_R4_45_D (events added, 57,264,335 events)
cached P056_S02_R6_90_D (events added, 47,055,221 events)
cached P057_S01_R1_0_D (events added, 33,332,545 events)
cached P057_S01_R5_45_N (events added, 7,527,172 events)
cached P057_S01_R7_90_N (events added, 6,712,020 events)
cached P057_S01_R3_45_D (events added, 19,679,733 events)
cached P058_S01_R2_0_N (events added, 6,088,952 events)
cached P058_S01_R4_45_N (events added, 7,410,960 events)
cached P057_S01_R4_45_D (events added, 45,065,711 events)
cached P058_S01_R6_90_N (events added, 8,315,513 events)
cached P058_S01_R1_0_D (events added, 39,680,400 events)
cached P057_S01_R6_90_D (events added, 56,247,002 events)
cached P058_S01_R5_90_D (events added, 52,636,463 events)
cached P058_S01_R3_45_D (events added, 57,943,874 events)
331 cached, 1 skipped, 0 failed
stores written: 332
